============================= test session starts =============================
platform win32 -- Python 3.12.14, pytest-9.1.1, pluggy-1.6.0
rootdir: C:\Projects\AI-Code-Understanding-Engine
configfile: pyproject.toml
plugins: anyio-4.14.2, asyncio-1.4.0, cov-7.1.0
asyncio: mode=Mode.AUTO, debug=False, asyncio_default_fixture_loop_scope=function, asyncio_default_test_loop_scope=function
collected 0 items / 1 error

=================================== ERRORS ====================================
_______________ ERROR collecting tests/test_graph_retriever.py ________________
ImportError while importing test module 'C:\Projects\AI-Code-Understanding-Engine\tests\test_graph_retriever.py'.
Hint: make sure your test modules/packages have valid Python names.
Traceback:
C:\Users\DELL\AppData\Roaming\uv\python\cpython-3.12-windows-x86_64-none\Lib\importlib\__init__.py:90: in import_module
    return _bootstrap._gcd_import(name[level:], package, level)
           ^^^^^^^^^^^^^^^^^^^^^^^^^^^^^^^^^^^^^^^^^^^^^^^^^^^^
tests\test_graph_retriever.py:13: in <module>
    from retrieval.enums import ChunkType
retrieval\__init__.py:21: in <module>
    from retrieval.exceptions import (
E   ImportError: cannot import name 'VectorQueryError' from 'retrieval.exceptions' (C:\Projects\AI-Code-Understanding-Engine\retrieval\exceptions.py)
=========================== short test summary info ===========================
ERROR tests/test_graph_retriever.py
!!!!!!!!!!!!!!!!!!! Interrupted: 1 error during collection !!!!!!!!!!!!!!!!!!!!
============================== 1 error in 0.77s ===============================
